Archive member included to satisfy reference by file (symbol)

c:/program files (x86)/atmel/studio/7.0/toolchain/arm/arm-gnu-toolchain/bin/../lib/gcc/arm-none-eabi/6.3.1/thumb/v6-m\libgcc.a(_udivsi3.o)
                              src/ASF/common2/services/delay/sam0/systick_counter.o (__aeabi_uidiv)
c:/program files (x86)/atmel/studio/7.0/toolchain/arm/arm-gnu-toolchain/bin/../lib/gcc/arm-none-eabi/6.3.1/thumb/v6-m\libgcc.a(_dvmd_tls.o)
                              c:/program files (x86)/atmel/studio/7.0/toolchain/arm/arm-gnu-toolchain/bin/../lib/gcc/arm-none-eabi/6.3.1/thumb/v6-m\libgcc.a(_udivsi3.o) (__aeabi_idiv0)
c:/program files (x86)/atmel/studio/7.0/toolchain/arm/arm-gnu-toolchain/bin/../lib/gcc/arm-none-eabi/6.3.1/thumb/v6-m\libgcc.a(_muldi3.o)
                              src/ASF/sam0/drivers/sercom/sercom.o (__aeabi_lmul)
c:/program files (x86)/atmel/studio/7.0/toolchain/arm/arm-gnu-toolchain/bin/../lib/gcc/arm-none-eabi/6.3.1/../../../../arm-none-eabi/lib/thumb/v6-m\libc_nano.a(lib_a-exit.o)
                              c:/program files (x86)/atmel/studio/7.0/toolchain/arm/arm-gnu-toolchain/bin/../lib/gcc/arm-none-eabi/6.3.1/../../../../arm-none-eabi/lib/thumb/v6-m/crt0.o (exit)
c:/program files (x86)/atmel/studio/7.0/toolchain/arm/arm-gnu-toolchain/bin/../lib/gcc/arm-none-eabi/6.3.1/../../../../arm-none-eabi/lib/thumb/v6-m\libc_nano.a(lib_a-impure.o)
                              c:/program files (x86)/atmel/studio/7.0/toolchain/arm/arm-gnu-toolchain/bin/../lib/gcc/arm-none-eabi/6.3.1/../../../../arm-none-eabi/lib/thumb/v6-m\libc_nano.a(lib_a-exit.o) (_global_impure_ptr)
c:/program files (x86)/atmel/studio/7.0/toolchain/arm/arm-gnu-toolchain/bin/../lib/gcc/arm-none-eabi/6.3.1/../../../../arm-none-eabi/lib/thumb/v6-m\libc_nano.a(lib_a-init.o)
                              c:/program files (x86)/atmel/studio/7.0/toolchain/arm/arm-gnu-toolchain/bin/../lib/gcc/arm-none-eabi/6.3.1/../../../../arm-none-eabi/lib/thumb/v6-m/crt0.o (__libc_init_array)
c:/program files (x86)/atmel/studio/7.0/toolchain/arm/arm-gnu-toolchain/bin/../lib/gcc/arm-none-eabi/6.3.1/../../../../arm-none-eabi/lib/thumb/v6-m\libc_nano.a(lib_a-memset.o)
                              c:/program files (x86)/atmel/studio/7.0/toolchain/arm/arm-gnu-toolchain/bin/../lib/gcc/arm-none-eabi/6.3.1/../../../../arm-none-eabi/lib/thumb/v6-m/crt0.o (memset)

Allocating common symbols
Common symbol       size              file

usart_instance2     0xc               src/main.o
usart_instance1     0xc               src/main.o
usart_instance      0xc               src/main.o
usart_instance5     0xc               src/main.o
usart_instance3     0xc               src/main.o
usart_instance4     0xc               src/main.o

Discarded input sections

 .text          0x00000000        0x0 c:/program files (x86)/atmel/studio/7.0/toolchain/arm/arm-gnu-toolchain/bin/../lib/gcc/arm-none-eabi/6.3.1/thumb/v6-m/crti.o
 .data          0x00000000        0x0 c:/program files (x86)/atmel/studio/7.0/toolchain/arm/arm-gnu-toolchain/bin/../lib/gcc/arm-none-eabi/6.3.1/thumb/v6-m/crti.o
 .bss           0x00000000        0x0 c:/program files (x86)/atmel/studio/7.0/toolchain/arm/arm-gnu-toolchain/bin/../lib/gcc/arm-none-eabi/6.3.1/thumb/v6-m/crti.o
 .data          0x00000000        0x4 c:/program files (x86)/atmel/studio/7.0/toolchain/arm/arm-gnu-toolchain/bin/../lib/gcc/arm-none-eabi/6.3.1/thumb/v6-m/crtbegin.o
 .text          0x00000000       0x78 c:/program files (x86)/atmel/studio/7.0/toolchain/arm/arm-gnu-toolchain/bin/../lib/gcc/arm-none-eabi/6.3.1/../../../../arm-none-eabi/lib/thumb/v6-m/crt0.o
 .data          0x00000000        0x0 c:/program files (x86)/atmel/studio/7.0/toolchain/arm/arm-gnu-toolchain/bin/../lib/gcc/arm-none-eabi/6.3.1/../../../../arm-none-eabi/lib/thumb/v6-m/crt0.o
 .bss           0x00000000        0x0 c:/program files (x86)/atmel/studio/7.0/toolchain/arm/arm-gnu-toolchain/bin/../lib/gcc/arm-none-eabi/6.3.1/../../../../arm-none-eabi/lib/thumb/v6-m/crt0.o
 .ARM.extab     0x00000000        0x0 c:/program files (x86)/atmel/studio/7.0/toolchain/arm/arm-gnu-toolchain/bin/../lib/gcc/arm-none-eabi/6.3.1/../../../../arm-none-eabi/lib/thumb/v6-m/crt0.o
 .ARM.exidx     0x00000000        0x8 c:/program files (x86)/atmel/studio/7.0/toolchain/arm/arm-gnu-toolchain/bin/../lib/gcc/arm-none-eabi/6.3.1/../../../../arm-none-eabi/lib/thumb/v6-m/crt0.o
 .ARM.attributes
                0x00000000       0x1b c:/program files (x86)/atmel/studio/7.0/toolchain/arm/arm-gnu-toolchain/bin/../lib/gcc/arm-none-eabi/6.3.1/../../../../arm-none-eabi/lib/thumb/v6-m/crt0.o
 .group         0x00000000        0x8 src/ASF/common2/services/delay/sam0/systick_counter.o
 .group         0x00000000        0x8 src/ASF/common2/services/delay/sam0/systick_counter.o
 .group         0x00000000        0x8 src/ASF/common2/services/delay/sam0/systick_counter.o
 .group         0x00000000        0x8 src/ASF/common2/services/delay/sam0/systick_counter.o
[...]
Memory Configuration

Name             Origin             Length             Attributes
rom              0x00000000         0x00040000         xr
ram              0x20000000         0x00008000         xrw
*default*        0x00000000         0xffffffff

Linker script and memory map

LOAD c:/program files (x86)/atmel/studio/7.0/toolchain/arm/arm-gnu-toolchain/bin/../lib/gcc/arm-none-eabi/6.3.1/thumb/v6-m/crti.o
LOAD c:/program files (x86)/atmel/studio/7.0/toolchain/arm/arm-gnu-toolchain/bin/../lib/gcc/arm-none-eabi/6.3.1/thumb/v6-m/crtbegin.o
LOAD c:/program files (x86)/atmel/studio/7.0/toolchain/arm/arm-gnu-toolchain/bin/../lib/gcc/arm-none-eabi/6.3.1/../../../../arm-none-eabi/lib/thumb/v6-m/crt0.o
LOAD src/ASF/common2/services/delay/sam0/systick_counter.o
LOAD src/ASF/common/utils/interrupt/interrupt_sam_nvic.o
LOAD src/ASF/sam0/boards/samd21_xplained_pro/board_init.o
LOAD src/ASF/sam0/drivers/port/port.o
LOAD src/ASF/sam0/drivers/sercom/sercom.o
LOAD src/ASF/sam0/drivers/sercom/usart/usart.o
LOAD src/ASF/sam0/drivers/system/clock/clock_samd21_r21_da_ha1/clock.o
LOAD src/ASF/sam0/drivers/system/clock/clock_samd21_r21_da_ha1/gclk.o
LOAD src/ASF/sam0/drivers/system/interrupt/system_interrupt.o
LOAD src/ASF/sam0/drivers/system/pinmux/pinmux.o
LOAD src/ASF/sam0/drivers/system/system.o
LOAD src/ASF/sam0/utils/cmsis/samd21/source/gcc/startup_samd21.o
LOAD src/ASF/sam0/utils/cmsis/samd21/source/system_samd21.o
LOAD src/ASF/sam0/utils/syscalls/gcc/syscalls.o
LOAD src/main.o
START GROUP
LOAD ../src/ASF/thirdparty/CMSIS/Lib/GCC\libarm_cortexM0l_math.a
LOAD c:/program files (x86)/atmel/studio/7.0/toolchain/arm/arm-gnu-toolchain/bin/../lib/gcc/arm-none-eabi/6.3.1/../../../../arm-none-eabi/lib/thumb/v6-m\libm.a
END GROUP
START GROUP
LOAD c:/program files (x86)/atmel/studio/7.0/toolchain/arm/arm-gnu-toolchain/bin/../lib/gcc/arm-none-eabi/6.3.1/thumb/v6-m\libgcc.a
LOAD c:/program files (x86)/atmel/studio/7.0/toolchain/arm/arm-gnu-toolchain/bin/../lib/gcc/arm-none-eabi/6.3.1/../../../../arm-none-eabi/lib/thumb/v6-m\libc_nano.a
END GROUP
START GROUP
LOAD c:/program files (x86)/atmel/studio/7.0/toolchain/arm/arm-gnu-toolchain/bin/../lib/gcc/arm-none-eabi/6.3.1/thumb/v6-m\libgcc.a
LOAD c:/program files (x86)/atmel/studio/7.0/toolchain/arm/arm-gnu-toolchain/bin/../lib/gcc/arm-none-eabi/6.3.1/../../../../arm-none-eabi/lib/thumb/v6-m\libc_nano.a
END GROUP
LOAD c:/program files (x86)/atmel/studio/7.0/toolchain/arm/arm-gnu-toolchain/bin/../lib/gcc/arm-none-eabi/6.3.1/thumb/v6-m/crtend.o
LOAD c:/program files (x86)/atmel/studio/7.0/toolchain/arm/arm-gnu-toolchain/bin/../lib/gcc/arm-none-eabi/6.3.1/thumb/v6-m/crtn.o
                0x00002000                STACK_SIZE = DEFINED (STACK_SIZE)?STACK_SIZE:DEFINED (__stack_size__)?__stack_size__:0x2000

.text           0x00000000     0x183c
                0x00000000                . = ALIGN (0x4)
                0x00000000                _sfixed = .
 *(.vectors .vectors.*)
 .vectors       0x00000000       0xb4 src/ASF/sam0/utils/cmsis/samd21/source/gcc/startup_samd21.o
                0x00000000                exception_table
 *(.text .text.* .gnu.linkonce.t.*)
 .text          0x000000b4       0x60 c:/program files (x86)/atmel/studio/7.0/toolchain/arm/arm-gnu-toolchain/bin/../lib/gcc/arm-none-eabi/6.3.1/thumb/v6-m/crtbegin.o
 .text.delay_init
                0x00000114       0x40 src/ASF/common2/services/delay/sam0/systick_counter.o
                0x00000114                delay_init
 .text.cpu_irq_enter_critical
                0x00000154       0x40 src/ASF/common/utils/interrupt/interrupt_sam_nvic.o
                0x00000154                cpu_irq_enter_critical
 .text.cpu_irq_leave_critical
                0x00000194       0x30 src/ASF/common/utils/interrupt/interrupt_sam_nvic.o
                0x00000194                cpu_irq_leave_critical
 .text.system_board_init
                0x000001c4       0x38 src/ASF/sam0/boards/samd21_xplained_pro/board_init.o
                0x000001c4                board_init
                0x000001c4                system_board_init
 .text.port_pin_set_config
                0x000001fc       0x24 src/ASF/sam0/drivers/port/port.o
                0x000001fc                port_pin_set_config
 .text.long_division
                0x00000220       0xba src/ASF/sam0/drivers/sercom/sercom.o
 .text._sercom_get_sync_baud_val
                0x000002da       0x28 src/ASF/sam0/drivers/sercom/sercom.o
                0x000002da                _sercom_get_sync_baud_val
 *fill*         0x00000302        0x2 
 .text._sercom_get_async_baud_val
                0x00000304       0x94 src/ASF/sam0/drivers/sercom/sercom.o
                0x00000304                _sercom_get_async_baud_val
 .text.sercom_set_gclk_generator
                0x00000398       0x4c src/ASF/sam0/drivers/sercom/sercom.o
                0x00000398                sercom_set_gclk_generator
 .text._sercom_get_default_pad
                0x000003e4      0x178 src/ASF/sam0/drivers/sercom/sercom.o
                0x000003e4                _sercom_get_default_pad
 .text._sercom_get_sercom_inst_index
                0x0000055c       0x38 src/ASF/sam0/drivers/sercom/sercom.o
                0x0000055c                _sercom_get_sercom_inst_index
 .text.usart_init
                0x00000594      0x2fc src/ASF/sam0/drivers/sercom/usart/usart.o
                0x00000594                usart_init
 .text.usart_write_wait
                0x00000890       0x2a src/ASF/sam0/drivers/sercom/usart/usart.o
                0x00000890                usart_write_wait
 .text.usart_read_wait
                0x000008ba       0x68 src/ASF/sam0/drivers/sercom/usart/usart.o
                0x000008ba                usart_read_wait
 *fill*         0x00000922        0x2 
 .text.usart_write_buffer_wait
                0x00000924       0xc0 src/ASF/sam0/drivers/sercom/usart/usart.o
                0x00000924                usart_write_buffer_wait
 .text.system_clock_source_get_hz
                0x000009e4       0x94 src/ASF/sam0/drivers/system/clock/clock_samd21_r21_da_ha1/clock.o
                0x000009e4                system_clock_source_get_hz
 .text.system_clock_source_osc8m_set_config
                0x00000a78       0x3c src/ASF/sam0/drivers/system/clock/clock_samd21_r21_da_ha1/clock.o
                0x00000a78                system_clock_source_osc8m_set_config
 .text.system_clock_source_enable
                0x00000ab4       0xa8 src/ASF/sam0/drivers/system/clock/clock_samd21_r21_da_ha1/clock.o
                0x00000ab4                system_clock_source_enable
 .text.system_clock_init
                0x00000b5c       0x98 src/ASF/sam0/drivers/system/clock/clock_samd21_r21_da_ha1/clock.o
                0x00000b5c                system_clock_init
 .text.system_gclk_init
                0x00000bf4       0x24 src/ASF/sam0/drivers/system/clock/clock_samd21_r21_da_ha1/gclk.o
                0x00000bf4                system_gclk_init
 .text.system_gclk_gen_set_config
                0x00000c18       0xb8 src/ASF/sam0/drivers/system/clock/clock_samd21_r21_da_ha1/gclk.o
                0x00000c18                system_gclk_gen_set_config
 .text.system_gclk_gen_enable
                0x00000cd0       0x44 src/ASF/sam0/drivers/system/clock/clock_samd21_r21_da_ha1/gclk.o
                0x00000cd0                system_gclk_gen_enable
 .text.system_gclk_gen_get_hz
                0x00000d14       0x8c src/ASF/sam0/drivers/system/clock/clock_samd21_r21_da_ha1/gclk.o
                0x00000d14                system_gclk_gen_get_hz
 .text.system_gclk_chan_enable
                0x00000da0       0x30 src/ASF/sam0/drivers/system/clock/clock_samd21_r21_da_ha1/gclk.o
                0x00000da0                system_gclk_chan_enable
 .text.system_gclk_chan_disable
                0x00000dd0       0x5c src/ASF/sam0/drivers/system/clock/clock_samd21_r21_da_ha1/gclk.o
                0x00000dd0                system_gclk_chan_disable
 .text.system_gclk_chan_set_config
                0x00000e2c       0x1c src/ASF/sam0/drivers/system/clock/clock_samd21_r21_da_ha1/gclk.o
                0x00000e2c                system_gclk_chan_set_config
 .text.system_gclk_chan_get_hz
                0x00000e48       0x34 src/ASF/sam0/drivers/system/clock/clock_samd21_r21_da_ha1/gclk.o
                0x00000e48                system_gclk_chan_get_hz
 .text._system_pinmux_config
                0x00000e7c       0xa8 src/ASF/sam0/drivers/system/pinmux/pinmux.o
 .text.system_pinmux_pin_set_config
                0x00000f24       0x30 src/ASF/sam0/drivers/system/pinmux/pinmux.o
                0x00000f24                system_pinmux_pin_set_config
 .text._system_dummy_init
                0x00000f54        0x2 src/ASF/sam0/drivers/system/system.o
                0x00000f54                _system_extint_init
                0x00000f54                _system_events_init
                0x00000f54                _system_dummy_init
                0x00000f54                _system_divas_init
 *fill*         0x00000f56        0x2 
 .text.system_init
                0x00000f58       0x2c src/ASF/sam0/drivers/system/system.o
                0x00000f58                system_init
 .text.Dummy_Handler
                0x00000f84        0x2 src/ASF/sam0/utils/cmsis/samd21/source/gcc/startup_samd21.o
                0x00000f84                DMAC_Handler
                0x00000f84                HardFault_Handler
                0x00000f84                AC_Handler
                0x00000f84                SysTick_Handler
                0x00000f84                PendSV_Handler
                0x00000f84                NMI_Handler
                0x00000f84                TC7_Handler
                0x00000f84                SERCOM1_Handler
                0x00000f84                ADC_Handler
                0x00000f84                TCC1_Handler
                0x00000f84                SERCOM2_Handler
                0x00000f84                TCC0_Handler
                0x00000f84                RTC_Handler
                0x00000f84                EIC_Handler
                0x00000f84                TC6_Handler
                0x00000f84                WDT_Handler
                0x00000f84                TC4_Handler
                0x00000f84                USB_Handler
                0x00000f84                TC3_Handler
                0x00000f84                Dummy_Handler
                0x00000f84                PM_Handler
                0x00000f84                SERCOM5_Handler
                0x00000f84                SVC_Handler
                0x00000f84                TCC2_Handler
                0x00000f84                EVSYS_Handler
                0x00000f84                SERCOM3_Handler
                0x00000f84                SERCOM4_Handler
                0x00000f84                I2S_Handler
                0x00000f84                NVMCTRL_Handler
                0x00000f84                SERCOM0_Handler
                0x00000f84                DAC_Handler
                0x00000f84                PTC_Handler
                0x00000f84                TC5_Handler
                0x00000f84                SYSCTRL_Handler
 *fill*         0x00000f86        0x2 
 .text.Reset_Handler
                0x00000f88       0xe4 src/ASF/sam0/utils/cmsis/samd21/source/gcc/startup_samd21.o
                0x00000f88                Reset_Handler
 .text.configure_usart
                0x0000106c      0x37c src/main.o
                0x0000106c                configure_usart
 .text.main     0x000013e8      0x210 src/main.o
                0x000013e8                main
 .text          0x000015f8      0x114 c:/program files (x86)/atmel/studio/7.0/toolchain/arm/arm-gnu-toolchain/bin/../lib/gcc/arm-none-eabi/6.3.1/thumb/v6-m\libgcc.a(_udivsi3.o)
                0x000015f8                __aeabi_uidiv
                0x000015f8                __udivsi3
                0x00001704                __aeabi_uidivmod
 .text          0x0000170c        0x4 c:/program files (x86)/atmel/studio/7.0/toolchain/arm/arm-gnu-toolchain/bin/../lib/gcc/arm-none-eabi/6.3.1/thumb/v6-m\libgcc.a(_dvmd_tls.o)
                0x0000170c                __aeabi_idiv0
                0x0000170c                __aeabi_ldiv0
 .text          0x00001710       0x54 c:/program files (x86)/atmel/studio/7.0/toolchain/arm/arm-gnu-toolchain/bin/../lib/gcc/arm-none-eabi/6.3.1/thumb/v6-m\libgcc.a(_muldi3.o)
                0x00001710                __muldi3
                0x00001710                __aeabi_lmul
 .text.__libc_init_array
                0x00001764       0x48 c:/program files (x86)/atmel/studio/7.0/toolchain/arm/arm-gnu-toolchain/bin/../lib/gcc/arm-none-eabi/6.3.1/../../../../arm-none-eabi/lib/thumb/v6-m\libc_nano.a(lib_a-init.o)
                0x00001764                __libc_init_array
 *(.glue_7t)
 .glue_7t       0x000017ac        0x0 linker stubs
 *(.glue_7)
 .glue_7        0x000017ac        0x0 linker stubs
 *(.rodata .rodata* .gnu.linkonce.r.*)
 .rodata        0x000017ac       0x18 src/ASF/sam0/drivers/sercom/sercom.o
 .rodata.system_clock_source_get_hz
                0x000017c4       0x24 src/ASF/sam0/drivers/system/clock/clock_samd21_r21_da_ha1/clock.o
 .rodata.system_clock_source_enable
                0x000017e8       0x24 src/ASF/sam0/drivers/system/clock/clock_samd21_r21_da_ha1/clock.o
 .rodata.main.str1.4
                0x0000180c       0x10 src/main.o
                                  0xf (size before relaxing)
 *(.ARM.extab* .gnu.linkonce.armextab.*)
                0x0000181c                . = ALIGN (0x4)
 *(.init)
 .init          0x0000181c        0x4 c:/program files (x86)/atmel/studio/7.0/toolchain/arm/arm-gnu-toolchain/bin/../lib/gcc/arm-none-eabi/6.3.1/thumb/v6-m/crti.o
                0x0000181c                _init
 .init          0x00001820        0x8 c:/program files (x86)/atmel/studio/7.0/toolchain/arm/arm-gnu-toolchain/bin/../lib/gcc/arm-none-eabi/6.3.1/thumb/v6-m/crtn.o
                0x00001828                . = ALIGN (0x4)
                0x00001828                __preinit_array_start = .
 *(.preinit_array)
                0x00001828                __preinit_array_end = .
                0x00001828                . = ALIGN (0x4)
                0x00001828                __init_array_start = .
 *(SORT(.init_array.*))
 *(.init_array)
 .init_array    0x00001828        0x4 c:/program files (x86)/atmel/studio/7.0/toolchain/arm/arm-gnu-toolchain/bin/../lib/gcc/arm-none-eabi/6.3.1/thumb/v6-m/crtbegin.o
                0x0000182c                __init_array_end = .
                0x0000182c                . = ALIGN (0x4)
 *crtbegin.o(.ctors)
 *(EXCLUDE_FILE(*crtend.o) .ctors)
 *(SORT(.ctors.*))
 *crtend.o(.ctors)
                0x0000182c                . = ALIGN (0x4)
 *(.fini)
 .fini          0x0000182c        0x4 c:/program files (x86)/atmel/studio/7.0/toolchain/arm/arm-gnu-toolchain/bin/../lib/gcc/arm-none-eabi/6.3.1/thumb/v6-m/crti.o
                0x0000182c                _fini
 .fini          0x00001830        0x8 c:/program files (x86)/atmel/studio/7.0/toolchain/arm/arm-gnu-toolchain/bin/../lib/gcc/arm-none-eabi/6.3.1/thumb/v6-m/crtn.o
                0x00001838                . = ALIGN (0x4)
                0x00001838                __fini_array_start = .
 *(.fini_array)
 .fini_array    0x00001838        0x4 c:/program files (x86)/atmel/studio/7.0/toolchain/arm/arm-gnu-toolchain/bin/../lib/gcc/arm-none-eabi/6.3.1/thumb/v6-m/crtbegin.o
 *(SORT(.fini_array.*))
                0x0000183c                __fini_array_end = .
 *crtbegin.o(.dtors)
 *(EXCLUDE_FILE(*crtend.o) .dtors)
 *(SORT(.dtors.*))
 *crtend.o(.dtors)
                0x0000183c                . = ALIGN (0x4)
                0x0000183c                _efixed = .
                [!provide]                PROVIDE (__exidx_start, .)

.vfp11_veneer   0x0000183c        0x0
 .vfp11_veneer  0x0000183c        0x0 linker stubs

.v4_bx          0x0000183c        0x0
 .v4_bx         0x0000183c        0x0 linker stubs

.iplt           0x0000183c        0x0
 .iplt          0x0000183c        0x0 c:/program files (x86)/atmel/studio/7.0/toolchain/arm/arm-gnu-toolchain/bin/../lib/gcc/arm-none-eabi/6.3.1/thumb/v6-m/crtbegin.o

.eh_frame       0x0000183c        0x0
 .eh_frame      0x0000183c        0x0 c:/program files (x86)/atmel/studio/7.0/toolchain/arm/arm-gnu-toolchain/bin/../lib/gcc/arm-none-eabi/6.3.1/thumb/v6-m/crtbegin.o

.rel.dyn        0x0000183c        0x0
 .rel.iplt      0x0000183c        0x0 c:/program files (x86)/atmel/studio/7.0/toolchain/arm/arm-gnu-toolchain/bin/../lib/gcc/arm-none-eabi/6.3.1/thumb/v6-m/crtbegin.o

.jcr            0x0000183c        0x0
 .jcr           0x0000183c        0x0 c:/program files (x86)/atmel/studio/7.0/toolchain/arm/arm-gnu-toolchain/bin/../lib/gcc/arm-none-eabi/6.3.1/thumb/v6-m/crtbegin.o

.igot.plt       0x0000183c        0x0
 .igot.plt      0x0000183c        0x0 c:/program files (x86)/atmel/studio/7.0/toolchain/arm/arm-gnu-toolchain/bin/../lib/gcc/arm-none-eabi/6.3.1/thumb/v6-m/crtbegin.o

.ARM.exidx
 *(.ARM.exidx* .gnu.linkonce.armexidx.*)
                [!provide]                PROVIDE (__exidx_end, .)
                0x0000183c                . = ALIGN (0x4)
                0x0000183c                _etext = .

.relocate       0x20000000        0xc load address 0x0000183c
                0x20000000                . = ALIGN (0x4)
                0x20000000                _srelocate = .
 *(.ramfunc .ramfunc.*)
 *(.data .data.*)
 .data.cycles_per_ms
                0x20000000        0x4 src/ASF/common2/services/delay/sam0/systick_counter.o
 .data.cycles_per_us
                0x20000004        0x4 src/ASF/common2/services/delay/sam0/systick_counter.o
 .data.g_interrupt_enabled
                0x20000008        0x1 src/ASF/common/utils/interrupt/interrupt_sam_nvic.o
                0x20000008                g_interrupt_enabled
                0x2000000c                . = ALIGN (0x4)
 *fill*         0x20000009        0x3 
                0x2000000c                _erelocate = .

.bss            0x2000000c       0x90 load address 0x00001848
                0x2000000c                . = ALIGN (0x4)
                0x2000000c                _sbss = .
                0x2000000c                _szero = .
 *(.bss .bss.*)
 .bss           0x2000000c       0x1c c:/program files (x86)/atmel/studio/7.0/toolchain/arm/arm-gnu-toolchain/bin/../lib/gcc/arm-none-eabi/6.3.1/thumb/v6-m/crtbegin.o
 .bss.cpu_irq_critical_section_counter
                0x20000028        0x4 src/ASF/common/utils/interrupt/interrupt_sam_nvic.o
 .bss.cpu_irq_prev_interrupt_state
                0x2000002c        0x1 src/ASF/common/utils/interrupt/interrupt_sam_nvic.o
 *fill*         0x2000002d        0x3 
 .bss._sercom_config
                0x20000030        0x2 src/ASF/sam0/drivers/sercom/sercom.o
 *fill*         0x20000032        0x2 
 .bss._system_clock_inst
                0x20000034       0x18 src/ASF/sam0/drivers/system/clock/clock_samd21_r21_da_ha1/clock.o
 .bss.current_ch
                0x2000004c        0x4 src/main.o
                0x2000004c                current_ch
 .bss.state     0x20000050        0x4 src/main.o
                0x20000050                state
 *(COMMON)
 COMMON         0x20000054       0x48 src/main.o
                0x20000054                usart_instance2
                0x20000060                usart_instance1
                0x2000006c                usart_instance
                0x20000078                usart_instance5
                0x20000084                usart_instance3
                0x20000090                usart_instance4
                0x2000009c                . = ALIGN (0x4)
                0x2000009c                _ebss = .
                0x2000009c                _ezero = .

.stack          0x2000009c     0x2004 load address 0x000018d8
                0x200000a0                . = ALIGN (0x8)
 *fill*         0x2000009c        0x4 
                0x200000a0                _sstack = .
                0x200020a0                . = (. + STACK_SIZE)
 *fill*         0x200000a0     0x2000 
                0x200020a0                . = ALIGN (0x8)
                0x200020a0                _estack = .
                0x200020a0                . = ALIGN (0x4)
                0x200020a0                _end = .
OUTPUT(Serial_Switch_Firmware.elf elf32-littlearm)

.ARM.attributes
                0x00000000       0x28
 .ARM.attributes
                0x00000000       0x1e c:/program files (x86)/atmel/studio/7.0/toolchain/arm/arm-gnu-toolchain/bin/../lib/gcc/arm-none-eabi/6.3.1/thumb/v6-m/crti.o
 .ARM.attributes
                0x0000001e       0x2c c:/program files (x86)/atmel/studio/7.0/toolchain/arm/arm-gnu-toolchain/bin/../lib/gcc/arm-none-eabi/6.3.1/thumb/v6-m/crtbegin.o
 .ARM.attributes
                0x0000004a       0x32 src/ASF/common2/services/delay/sam0/systick_counter.o
 .ARM.attributes
                0x0000007c       0x32 src/ASF/common/utils/interrupt/interrupt_sam_nvic.o
 .ARM.attributes
                0x000000ae       0x32 src/ASF/sam0/boards/samd21_xplained_pro/board_init.o
 .ARM.attributes
                0x000000e0       0x32 src/ASF/sam0/drivers/port/port.o
 .ARM.attributes
                0x00000112       0x32 src/ASF/sam0/drivers/sercom/sercom.o
 .ARM.attributes
                0x00000144       0x32 src/ASF/sam0/drivers/sercom/usart/usart.o
 .ARM.attributes
                0x00000176       0x32 src/ASF/sam0/drivers/system/clock/clock_samd21_r21_da_ha1/clock.o
 .ARM.attributes
                0x000001a8       0x32 src/ASF/sam0/drivers/system/clock/clock_samd21_r21_da_ha1/gclk.o
 .ARM.attributes
                0x000001da       0x32 src/ASF/sam0/drivers/system/pinmux/pinmux.o
 .ARM.attributes
                0x0000020c       0x32 src/ASF/sam0/drivers/system/system.o
 .ARM.attributes
                0x0000023e       0x32 src/ASF/sam0/utils/cmsis/samd21/source/gcc/startup_samd21.o
 .ARM.attributes
                0x00000270       0x32 src/main.o
 .ARM.attributes
                0x000002a2       0x1e c:/program files (x86)/atmel/studio/7.0/toolchain/arm/arm-gnu-toolchain/bin/../lib/gcc/arm-none-eabi/6.3.1/thumb/v6-m\libgcc.a(_udivsi3.o)
 .ARM.attributes
                0x000002c0       0x1e c:/program files (x86)/atmel/studio/7.0/toolchain/arm/arm-gnu-toolchain/bin/../lib/gcc/arm-none-eabi/6.3.1/thumb/v6-m\libgcc.a(_dvmd_tls.o)
 .ARM.attributes
                0x000002de       0x2c c:/program files (x86)/atmel/studio/7.0/toolchain/arm/arm-gnu-toolchain/bin/../lib/gcc/arm-none-eabi/6.3.1/thumb/v6-m\libgcc.a(_muldi3.o)
 .ARM.attributes
                0x0000030a       0x2c c:/program files (x86)/atmel/studio/7.0/toolchain/arm/arm-gnu-toolchain/bin/../lib/gcc/arm-none-eabi/6.3.1/../../../../arm-none-eabi/lib/thumb/v6-m\libc_nano.a(lib_a-init.o)
 .ARM.attributes
                0x00000336       0x1e c:/program files (x86)/atmel/studio/7.0/toolchain/arm/arm-gnu-toolchain/bin/../lib/gcc/arm-none-eabi/6.3.1/thumb/v6-m/crtn.o

.comment        0x00000000       0x59
 .comment       0x00000000       0x59 src/ASF/common2/services/delay/sam0/systick_counter.o
                                 0x5a (size before relaxing)
 .comment       0x00000059       0x5a src/ASF/common/utils/interrupt/interrupt_sam_nvic.o
 .comment       0x00000059       0x5a src/ASF/sam0/boards/samd21_xplained_pro/board_init.o
 .comment       0x00000059       0x5a src/ASF/sam0/drivers/port/port.o
 .comment       0x00000059       0x5a src/ASF/sam0/drivers/sercom/sercom.o
 .comment       0x00000059       0x5a src/ASF/sam0/drivers/sercom/usart/usart.o
 .comment       0x00000059       0x5a src/ASF/sam0/drivers/system/clock/clock_samd21_r21_da_ha1/clock.o
 .comment       0x00000059       0x5a src/ASF/sam0/drivers/system/clock/clock_samd21_r21_da_ha1/gclk.o
 .comment       0x00000059       0x5a src/ASF/sam0/drivers/system/pinmux/pinmux.o
 .comment       0x00000059       0x5a src/ASF/sam0/drivers/system/system.o
 .comment       0x00000059       0x5a src/ASF/sam0/utils/cmsis/samd21/source/gcc/startup_samd21.o
 .comment       0x00000059       0x5a src/main.o

.debug_info     0x00000000    0x198be
 .debug_info    0x00000000      0xb8d src/ASF/common2/services/delay/sam0/systick_counter.o
 .debug_info    0x00000b8d      0xb07 src/ASF/common/utils/interrupt/interrupt_sam_nvic.o
 .debug_info    0x00001694     0x12ad src/ASF/sam0/boards/samd21_xplained_pro/board_init.o
 .debug_info    0x00002941     0x12b6 src/ASF/sam0/drivers/port/port.o
 .debug_info    0x00003bf7     0x2ddf src/ASF/sam0/drivers/sercom/sercom.o
 .debug_info    0x000069d6     0x4937 src/ASF/sam0/drivers/sercom/usart/usart.o
 .debug_info    0x0000b30d     0x37aa src/ASF/sam0/drivers/system/clock/clock_samd21_r21_da_ha1/clock.o
 .debug_info    0x0000eab7     0x1ec7 src/ASF/sam0/drivers/system/clock/clock_samd21_r21_da_ha1/gclk.o
 .debug_info    0x0001097e     0x13f3 src/ASF/sam0/drivers/system/pinmux/pinmux.o
 .debug_info    0x00011d71      0xa73 src/ASF/sam0/drivers/system/system.o
 .debug_info    0x000127e4     0x3a3f src/ASF/sam0/utils/cmsis/samd21/source/gcc/startup_samd21.o
 .debug_info    0x00016223     0x369b src/main.o

.debug_abbrev   0x00000000     0x253c
 .debug_abbrev  0x00000000      0x24b src/ASF/common2/services/delay/sam0/systick_counter.o
 .debug_abbrev  0x0000024b      0x22c src/ASF/common/utils/interrupt/interrupt_sam_nvic.o
 .debug_abbrev  0x00000477      0x2dc src/ASF/sam0/boards/samd21_xplained_pro/board_init.o
 .debug_abbrev  0x00000753      0x298 src/ASF/sam0/drivers/port/port.o
 .debug_abbrev  0x000009eb      0x378 src/ASF/sam0/drivers/sercom/sercom.o
 .debug_abbrev  0x00000d63      0x47d src/ASF/sam0/drivers/sercom/usart/usart.o
 .debug_abbrev  0x000011e0      0x465 src/ASF/sam0/drivers/system/clock/clock_samd21_r21_da_ha1/clock.o
 .debug_abbrev  0x00001645      0x40d src/ASF/sam0/drivers/system/clock/clock_samd21_r21_da_ha1/gclk.o
 .debug_abbrev  0x00001a52      0x361 src/ASF/sam0/drivers/system/pinmux/pinmux.o
 .debug_abbrev  0x00001db3      0x1e1 src/ASF/sam0/drivers/system/system.o
 .debug_abbrev  0x00001f94      0x234 src/ASF/sam0/utils/cmsis/samd21/source/gcc/startup_samd21.o
 .debug_abbrev  0x000021c8      0x374 src/main.o

.debug_loc      0x00000000     0x362c
 .debug_loc     0x00000000       0xe4 src/ASF/common2/services/delay/sam0/systick_counter.o
 .debug_loc     0x000000e4       0x8b src/ASF/sam0/boards/samd21_xplained_pro/board_init.o
 .debug_loc     0x0000016f      0x13d src/ASF/sam0/drivers/port/port.o
 .debug_loc     0x000002ac      0x9d5 src/ASF/sam0/drivers/sercom/sercom.o
 .debug_loc     0x00000c81      0xdd9 src/ASF/sam0/drivers/sercom/usart/usart.o
 .debug_loc     0x00001a5a      0xec2 src/ASF/sam0/drivers/system/clock/clock_samd21_r21_da_ha1/clock.o
 .debug_loc     0x0000291c      0x504 src/ASF/sam0/drivers/system/clock/clock_samd21_r21_da_ha1/gclk.o
 .debug_loc     0x00002e20      0x36d src/ASF/sam0/drivers/system/pinmux/pinmux.o
 .debug_loc     0x0000318d       0x20 src/ASF/sam0/drivers/system/system.o
 .debug_loc     0x000031ad       0x40 src/ASF/sam0/utils/cmsis/samd21/source/gcc/startup_samd21.o
 .debug_loc     0x000031ed      0x43f src/main.o

.debug_aranges  0x00000000      0x2d8
 .debug_aranges
                0x00000000       0x30 src/ASF/common2/services/delay/sam0/systick_counter.o
 .debug_aranges
                0x00000030       0x28 src/ASF/common/utils/interrupt/interrupt_sam_nvic.o
 .debug_aranges
                0x00000058       0x20 src/ASF/sam0/boards/samd21_xplained_pro/board_init.o
 .debug_aranges
                0x00000078       0x28 src/ASF/sam0/drivers/port/port.o
 .debug_aranges
                0x000000a0       0x48 src/ASF/sam0/drivers/sercom/sercom.o
 .debug_aranges
                0x000000e8       0x40 src/ASF/sam0/drivers/sercom/usart/usart.o
 .debug_aranges
                0x00000128       0x78 src/ASF/sam0/drivers/system/clock/clock_samd21_r21_da_ha1/clock.o
 .debug_aranges
                0x000001a0       0x80 src/ASF/sam0/drivers/system/clock/clock_samd21_r21_da_ha1/gclk.o
 .debug_aranges
                0x00000220       0x40 src/ASF/sam0/drivers/system/pinmux/pinmux.o
 .debug_aranges
                0x00000260       0x28 src/ASF/sam0/drivers/system/system.o
 .debug_aranges
                0x00000288       0x28 src/ASF/sam0/utils/cmsis/samd21/source/gcc/startup_samd21.o
 .debug_aranges
                0x000002b0       0x28 src/main.o

.debug_ranges   0x00000000      0x390
 .debug_ranges  0x00000000       0x50 src/ASF/common2/services/delay/sam0/systick_counter.o
 .debug_ranges  0x00000050       0x18 src/ASF/common/utils/interrupt/interrupt_sam_nvic.o
 .debug_ranges  0x00000068       0x10 src/ASF/sam0/boards/samd21_xplained_pro/board_init.o
 .debug_ranges  0x00000078       0x18 src/ASF/sam0/drivers/port/port.o
 .debug_ranges  0x00000090       0x50 src/ASF/sam0/drivers/sercom/sercom.o
 .debug_ranges  0x000000e0      0x148 src/ASF/sam0/drivers/sercom/usart/usart.o
 .debug_ranges  0x00000228       0x68 src/ASF/sam0/drivers/system/clock/clock_samd21_r21_da_ha1/clock.o
 .debug_ranges  0x00000290       0x88 src/ASF/sam0/drivers/system/clock/clock_samd21_r21_da_ha1/gclk.o
 .debug_ranges  0x00000318       0x30 src/ASF/sam0/drivers/system/pinmux/pinmux.o
 .debug_ranges  0x00000348       0x18 src/ASF/sam0/drivers/system/system.o
 .debug_ranges  0x00000360       0x18 src/ASF/sam0/utils/cmsis/samd21/source/gcc/startup_samd21.o
 .debug_ranges  0x00000378       0x18 src/main.o

.debug_macro    0x00000000    0x18d94
 .debug_macro   0x00000000      0x54d src/ASF/common2/services/delay/sam0/systick_counter.o
 .debug_macro   0x0000054d      0x8bc src/ASF/common2/services/delay/sam0/systick_counter.o
 .debug_macro   0x00000e09      0x16d src/ASF/common2/services/delay/sam0/systick_counter.o
 .debug_macro   0x00000f76      0x6d7 src/ASF/common2/services/delay/sam0/systick_counter.o
 .debug_macro   0x0000164d       0x22 src/ASF/common2/services/delay/sam0/systick_counter.o
 .debug_macro   0x0000166f       0x87 src/ASF/common2/services/delay/sam0/systick_counter.o
 .debug_macro   0x000016f6       0x51 src/ASF/common2/services/delay/sam0/systick_counter.o
 .debug_macro   0x00001747       0xef src/ASF/common2/services/delay/sam0/systick_counter.o
 .debug_macro   0x00001836       0x6a src/ASF/common2/services/delay/sam0/systick_counter.o
 .debug_macro   0x000018a0      0x1df src/ASF/common2/services/delay/sam0/systick_counter.o
 .debug_macro   0x00001a7f       0x10 src/ASF/common2/services/delay/sam0/systick_counter.o
 .debug_macro   0x00001a8f       0x76 src/ASF/common2/services/delay/sam0/systick_counter.o
 .debug_macro   0x00001b05       0x16 src/ASF/common2/services/delay/sam0/systick_counter.o
 .debug_macro   0x00001b1b      0x6db src/ASF/common2/services/delay/sam0/systick_counter.o
 .debug_macro   0x000021f6      0xdd8 src/ASF/common2/services/delay/sam0/systick_counter.o
 .debug_macro   0x00002fce       0x22 src/ASF/common2/services/delay/sam0/systick_counter.o
 .debug_macro   0x00002ff0       0x40 src/ASF/common2/services/delay/sam0/systick_counter.o
 .debug_macro   0x00003030       0x3a src/ASF/common2/services/delay/sam0/systick_counter.o
 .debug_macro   0x0000306a       0x1f src/ASF/common2/services/delay/sam0/systick_counter.o
 .debug_macro   0x00003089      0x250 src/ASF/common2/services/delay/sam0/systick_counter.o
 .debug_macro   0x000032d9      0x681 src/ASF/common2/services/delay/sam0/systick_counter.o
 .debug_macro   0x0000395a      0x8b5 src/ASF/common2/services/delay/sam0/systick_counter.o
 .debug_macro   0x0000420f      0x230 src/ASF/common2/services/delay/sam0/systick_counter.o
 .debug_macro   0x0000443f      0xd60 src/ASF/common2/services/delay/sam0/systick_counter.o
 .debug_macro   0x0000519f      0x4cb src/ASF/common2/services/delay/sam0/systick_counter.o
 .debug_macro   0x0000566a      0x9f8 src/ASF/common2/services/delay/sam0/systick_counter.o
 .debug_macro   0x00006062      0x82b src/ASF/common2/services/delay/sam0/systick_counter.o
 .debug_macro   0x0000688d      0x455 src/ASF/common2/services/delay/sam0/systick_counter.o
 .debug_macro   0x00006ce2       0x5e src/ASF/common2/services/delay/sam0/systick_counter.o
 .debug_macro   0x00006d40      0x8fd src/ASF/common2/services/delay/sam0/systick_counter.o
 .debug_macro   0x0000763d      0x21c src/ASF/common2/services/delay/sam0/systick_counter.o
 .debug_macro   0x00007859      0x95b src/ASF/common2/services/delay/sam0/systick_counter.o
 .debug_macro   0x000081b4       0x5e src/ASF/common2/services/delay/sam0/systick_counter.o
 .debug_macro   0x00008212      0x667 src/ASF/common2/services/delay/sam0/systick_counter.o
 .debug_macro   0x00008879      0x3af src/ASF/common2/services/delay/sam0/systick_counter.o
 .debug_macro   0x00008c28      0xc7a src/ASF/common2/services/delay/sam0/systick_counter.o
 .debug_macro   0x000098a2     0x1092 src/ASF/common2/services/delay/sam0/systick_counter.o
 .debug_macro   0x0000a934      0xc4a src/ASF/common2/services/delay/sam0/systick_counter.o
 .debug_macro   0x0000b57e      0x6ba src/ASF/common2/services/delay/sam0/systick_counter.o
 .debug_macro   0x0000bc38     0x1bbf src/ASF/common2/services/delay/sam0/systick_counter.o
 .debug_macro   0x0000d7f7     0x1440 src/ASF/common2/services/delay/sam0/systick_counter.o
 .debug_macro   0x0000ec37      0x344 src/ASF/common2/services/delay/sam0/systick_counter.o
 .debug_macro   0x0000ef7b       0x7c src/ASF/common2/services/delay/sam0/systick_counter.o
 .debug_macro   0x0000eff7       0xa0 src/ASF/common2/services/delay/sam0/systick_counter.o
 .debug_macro   0x0000f097       0x4c src/ASF/common2/services/delay/sam0/systick_counter.o
 .debug_macro   0x0000f0e3       0xca src/ASF/common2/services/delay/sam0/systick_counter.o
 .debug_macro   0x0000f1ad       0x94 src/ASF/common2/services/delay/sam0/systick_counter.o
 .debug_macro   0x0000f241       0x58 src/ASF/common2/services/delay/sam0/systick_counter.o
 .debug_macro   0x0000f299      0x37d src/ASF/common2/services/delay/sam0/systick_counter.o
 .debug_macro   0x0000f616       0x82 src/ASF/common2/services/delay/sam0/systick_counter.o
 .debug_macro   0x0000f698      0x18d src/ASF/common2/services/delay/sam0/systick_counter.o
 .debug_macro   0x0000f825       0xb8 src/ASF/common2/services/delay/sam0/systick_counter.o
 .debug_macro   0x0000f8dd       0xa0 src/ASF/common2/services/delay/sam0/systick_counter.o
 .debug_macro   0x0000f97d       0xb8 src/ASF/common2/services/delay/sam0/systick_counter.o
 .debug_macro   0x0000fa35       0x1c src/ASF/common2/services/delay/sam0/systick_counter.o
 .debug_macro   0x0000fa51       0x1c src/ASF/common2/services/delay/sam0/systick_counter.o
 .debug_macro   0x0000fa6d       0x1c src/ASF/common2/services/delay/sam0/systick_counter.o
 .debug_macro   0x0000fa89       0x82 src/ASF/common2/services/delay/sam0/systick_counter.o
 .debug_macro   0x0000fb0b      0x15a src/ASF/common2/services/delay/sam0/systick_counter.o
 .debug_macro   0x0000fc65       0xdc src/ASF/common2/services/delay/sam0/systick_counter.o
 .debug_macro   0x0000fd41      0x128 src/ASF/common2/services/delay/sam0/systick_counter.o
 .debug_macro   0x0000fe69      0x128 src/ASF/common2/services/delay/sam0/systick_counter.o
 .debug_macro   0x0000ff91      0x128 src/ASF/common2/services/delay/sam0/systick_counter.o
 .debug_macro   0x000100b9      0x128 src/ASF/common2/services/delay/sam0/systick_counter.o
 .debug_macro   0x000101e1      0x128 src/ASF/common2/services/delay/sam0/systick_counter.o
 .debug_macro   0x00010309      0x128 src/ASF/common2/services/delay/sam0/systick_counter.o
 .debug_macro   0x00010431      0x124 src/ASF/common2/services/delay/sam0/systick_counter.o
 .debug_macro   0x00010555       0xe2 src/ASF/common2/services/delay/sam0/systick_counter.o
 .debug_macro   0x00010637       0xe2 src/ASF/common2/services/delay/sam0/systick_counter.o
 .debug_macro   0x00010719       0xe2 src/ASF/common2/services/delay/sam0/systick_counter.o
 .debug_macro   0x000107fb       0xe2 src/ASF/common2/services/delay/sam0/systick_counter.o
 .debug_macro   0x000108dd       0xe2 src/ASF/common2/services/delay/sam0/systick_counter.o
 .debug_macro   0x000109bf      0x130 src/ASF/common2/services/delay/sam0/systick_counter.o
 .debug_macro   0x00010aef      0x106 src/ASF/common2/services/delay/sam0/systick_counter.o
 .debug_macro   0x00010bf5       0xfa src/ASF/common2/services/delay/sam0/systick_counter.o
 .debug_macro   0x00010cef      0x40f src/ASF/common2/services/delay/sam0/systick_counter.o
 .debug_macro   0x000110fe       0x40 src/ASF/common2/services/delay/sam0/systick_counter.o
 .debug_macro   0x0001113e      0x37d src/ASF/common2/services/delay/sam0/systick_counter.o
 .debug_macro   0x000114bb     0x1e52 src/ASF/common2/services/delay/sam0/systick_counter.o
 .debug_macro   0x0001330d       0x6d src/ASF/common2/services/delay/sam0/systick_counter.o
 .debug_macro   0x0001337a       0x58 src/ASF/common2/services/delay/sam0/systick_counter.o
 .debug_macro   0x000133d2       0x35 src/ASF/common2/services/delay/sam0/systick_counter.o
 .debug_macro   0x00013407       0x9c src/ASF/common2/services/delay/sam0/systick_counter.o
 .debug_macro   0x000134a3       0x16 src/ASF/common2/services/delay/sam0/systick_counter.o
 .debug_macro   0x000134b9       0x35 src/ASF/common2/services/delay/sam0/systick_counter.o
 .debug_macro   0x000134ee      0x353 src/ASF/common2/services/delay/sam0/systick_counter.o
 .debug_macro   0x00013841       0x10 src/ASF/common2/services/delay/sam0/systick_counter.o
 .debug_macro   0x00013851       0x58 src/ASF/common2/services/delay/sam0/systick_counter.o
 .debug_macro   0x000138a9       0x1f src/ASF/common2/services/delay/sam0/systick_counter.o
 .debug_macro   0x000138c8       0x43 src/ASF/common2/services/delay/sam0/systick_counter.o
 .debug_macro   0x0001390b       0x20 src/ASF/common2/services/delay/sam0/systick_counter.o
 .debug_macro   0x0001392b      0x187 src/ASF/common2/services/delay/sam0/systick_counter.o
 .debug_macro   0x00013ab2       0x10 src/ASF/common2/services/delay/sam0/systick_counter.o
 .debug_macro   0x00013ac2       0x1c src/ASF/common2/services/delay/sam0/systick_counter.o
 .debug_macro   0x00013ade       0x52 src/ASF/common2/services/delay/sam0/systick_counter.o
 .debug_macro   0x00013b30       0x40 src/ASF/common2/services/delay/sam0/systick_counter.o
 .debug_macro   0x00013b70       0x10 src/ASF/common2/services/delay/sam0/systick_counter.o
 .debug_macro   0x00013b80       0x40 src/ASF/common2/services/delay/sam0/systick_counter.o
 .debug_macro   0x00013bc0       0xd7 src/ASF/common2/services/delay/sam0/systick_counter.o
 .debug_macro   0x00013c97       0x16 src/ASF/common2/services/delay/sam0/systick_counter.o
 .debug_macro   0x00013cad      0x18b src/ASF/common2/services/delay/sam0/systick_counter.o
 .debug_macro   0x00013e38       0x16 src/ASF/common2/services/delay/sam0/systick_counter.o
 .debug_macro   0x00013e4e       0x16 src/ASF/common2/services/delay/sam0/systick_counter.o
 .debug_macro   0x00013e64       0x29 src/ASF/common2/services/delay/sam0/systick_counter.o
 .debug_macro   0x00013e8d       0x51 src/ASF/common2/services/delay/sam0/systick_counter.o
 .debug_macro   0x00013ede       0x3e src/ASF/common2/services/delay/sam0/systick_counter.o
 .debug_macro   0x00013f1c      0x3df src/ASF/common2/services/delay/sam0/systick_counter.o
 .debug_macro   0x000142fb       0x11 src/ASF/common2/services/delay/sam0/systick_counter.o
 .debug_macro   0x0001430c       0x16 src/ASF/common2/services/delay/sam0/systick_counter.o
 .debug_macro   0x00014322       0x16 src/ASF/common2/services/delay/sam0/systick_counter.o
 .debug_macro   0x00014338      0x512 src/ASF/common/utils/interrupt/interrupt_sam_nvic.o
 .debug_macro   0x0001484a      0x54e src/ASF/sam0/boards/samd21_xplained_pro/board_init.o
 .debug_macro   0x00014d98      0x2c3 src/ASF/sam0/boards/samd21_xplained_pro/board_init.o
 .debug_macro   0x0001505b      0x9f4 src/ASF/sam0/boards/samd21_xplained_pro/board_init.o
 .debug_macro   0x00015a4f       0x18 src/ASF/sam0/boards/samd21_xplained_pro/board_init.o
 .debug_macro   0x00015a67       0x12 src/ASF/sam0/boards/samd21_xplained_pro/board_init.o
 .debug_macro   0x00015a79      0x52c src/ASF/sam0/drivers/port/port.o
 .debug_macro   0x00015fa5      0x59f src/ASF/sam0/drivers/sercom/sercom.o
 .debug_macro   0x00016544       0x16 src/ASF/sam0/drivers/sercom/sercom.o
 .debug_macro   0x0001655a       0x2e src/ASF/sam0/drivers/sercom/sercom.o
 .debug_macro   0x00016588       0xb2 src/ASF/sam0/drivers/sercom/sercom.o
 .debug_macro   0x0001663a       0x10 src/ASF/sam0/drivers/sercom/sercom.o
 .debug_macro   0x0001664a      0x597 src/ASF/sam0/drivers/sercom/usart/usart.o
 .debug_macro   0x00016be1       0x51 src/ASF/sam0/drivers/sercom/usart/usart.o
 .debug_macro   0x00016c32      0x583 src/ASF/sam0/drivers/system/clock/clock_samd21_r21_da_ha1/clock.o
 .debug_macro   0x000171b5      0x298 src/ASF/sam0/drivers/system/clock/clock_samd21_r21_da_ha1/clock.o
 .debug_macro   0x0001744d      0x548 src/ASF/sam0/drivers/system/clock/clock_samd21_r21_da_ha1/gclk.o
 .debug_macro   0x00017995      0x522 src/ASF/sam0/drivers/system/pinmux/pinmux.o
 .debug_macro   0x00017eb7       0x12 src/ASF/sam0/drivers/system/pinmux/pinmux.o
 .debug_macro   0x00017ec9      0x555 src/ASF/sam0/drivers/system/system.o
 .debug_macro   0x0001841e      0x2f9 src/ASF/sam0/utils/cmsis/samd21/source/gcc/startup_samd21.o
 .debug_macro   0x00018717       0x3a src/ASF/sam0/utils/cmsis/samd21/source/gcc/startup_samd21.o
 .debug_macro   0x00018751      0x5ec src/main.o
 .debug_macro   0x00018d3d       0x57 src/main.o

.debug_line     0x00000000     0x7e9c
 .debug_line    0x00000000      0x9ce src/ASF/common2/services/delay/sam0/systick_counter.o
 .debug_line    0x000009ce      0x8d7 src/ASF/common/utils/interrupt/interrupt_sam_nvic.o
 .debug_line    0x000012a5      0x97f src/ASF/sam0/boards/samd21_xplained_pro/board_init.o
 .debug_line    0x00001c24      0x904 src/ASF/sam0/drivers/port/port.o
 .debug_line    0x00002528      0xbdd src/ASF/sam0/drivers/sercom/sercom.o
 .debug_line    0x00003105      0xd12 src/ASF/sam0/drivers/sercom/usart/usart.o
 .debug_line    0x00003e17      0xc5a src/ASF/sam0/drivers/system/clock/clock_samd21_r21_da_ha1/clock.o
 .debug_line    0x00004a71      0xc80 src/ASF/sam0/drivers/system/clock/clock_samd21_r21_da_ha1/gclk.o
 .debug_line    0x000056f1      0x951 src/ASF/sam0/drivers/system/pinmux/pinmux.o
 .debug_line    0x00006042      0x9fb src/ASF/sam0/drivers/system/system.o
 .debug_line    0x00006a3d      0x656 src/ASF/sam0/utils/cmsis/samd21/source/gcc/startup_samd21.o
 .debug_line    0x00007093      0xe09 src/main.o

.debug_str      0x00000000    0x8c6ea
 .debug_str     0x00000000    0x8280a src/ASF/common2/services/delay/sam0/systick_counter.o
                              0x830b5 (size before relaxing)
 .debug_str     0x0008280a       0x94 src/ASF/common/utils/interrupt/interrupt_sam_nvic.o
                              0x82ea5 (size before relaxing)
 .debug_str     0x0008289e     0x3d69 src/ASF/sam0/boards/samd21_xplained_pro/board_init.o
                              0x86bb1 (size before relaxing)
 .debug_str     0x00086607      0x18d src/ASF/sam0/drivers/port/port.o
                              0x832d1 (size before relaxing)
 .debug_str     0x00086794     0x15cd src/ASF/sam0/drivers/sercom/sercom.o
                              0x84598 (size before relaxing)
 .debug_str     0x00087d61      0xdc5 src/ASF/sam0/drivers/sercom/usart/usart.o
                              0x8516a (size before relaxing)
 .debug_str     0x00088b26     0x279c src/ASF/sam0/drivers/system/clock/clock_samd21_r21_da_ha1/clock.o
                              0x8602b (size before relaxing)
 .debug_str     0x0008b2c2      0x233 src/ASF/sam0/drivers/system/clock/clock_samd21_r21_da_ha1/gclk.o
                              0x83b68 (size before relaxing)
 .debug_str     0x0008b4f5      0x179 src/ASF/sam0/drivers/system/pinmux/pinmux.o
                              0x83347 (size before relaxing)
 .debug_str     0x0008b66e       0x47 src/ASF/sam0/drivers/system/system.o
                              0x82f82 (size before relaxing)
 .debug_str     0x0008b6b5      0xf25 src/ASF/sam0/utils/cmsis/samd21/source/gcc/startup_samd21.o
                              0x6e38f (size before relaxing)
 .debug_str     0x0008c5da      0x110 src/main.o
                              0x8865c (size before relaxing)

.debug_frame    0x00000000      0x6e4
 .debug_frame   0x00000000       0x64 src/ASF/common2/services/delay/sam0/systick_counter.o
 .debug_frame   0x00000064       0x30 src/ASF/common/utils/interrupt/interrupt_sam_nvic.o
 .debug_frame   0x00000094       0x30 src/ASF/sam0/boards/samd21_xplained_pro/board_init.o
 .debug_frame   0x000000c4       0x44 src/ASF/sam0/drivers/port/port.o
 .debug_frame   0x00000108       0xbc src/ASF/sam0/drivers/sercom/sercom.o
 .debug_frame   0x000001c4       0xac src/ASF/sam0/drivers/sercom/usart/usart.o
 .debug_frame   0x00000270      0x14c src/ASF/sam0/drivers/system/clock/clock_samd21_r21_da_ha1/clock.o
 .debug_frame   0x000003bc      0x148 src/ASF/sam0/drivers/system/clock/clock_samd21_r21_da_ha1/gclk.o
 .debug_frame   0x00000504       0x98 src/ASF/sam0/drivers/system/pinmux/pinmux.o
 .debug_frame   0x0000059c       0x38 src/ASF/sam0/drivers/system/system.o
 .debug_frame   0x000005d4       0x40 src/ASF/sam0/utils/cmsis/samd21/source/gcc/startup_samd21.o
 .debug_frame   0x00000614       0x50 src/main.o
 .debug_frame   0x00000664       0x20 c:/program files (x86)/atmel/studio/7.0/toolchain/arm/arm-gnu-toolchain/bin/../lib/gcc/arm-none-eabi/6.3.1/thumb/v6-m\libgcc.a(_udivsi3.o)
 .debug_frame   0x00000684       0x34 c:/program files (x86)/atmel/studio/7.0/toolchain/arm/arm-gnu-toolchain/bin/../lib/gcc/arm-none-eabi/6.3.1/thumb/v6-m\libgcc.a(_muldi3.o)
 .debug_frame   0x000006b8       0x2c c:/program files (x86)/atmel/studio/7.0/toolchain/arm/arm-gnu-toolchain/bin/../lib/gcc/arm-none-eabi/6.3.1/../../../../arm-none-eabi/lib/thumb/v6-m\libc_nano.a(lib_a-init.o)

Cross Reference Table

Symbol                                            File
AC_Handler                                        src/ASF/sam0/utils/cmsis/samd21/source/gcc/startup_samd21.o
ADC_Handler                                       src/ASF/sam0/utils/cmsis/samd21/source/gcc/startup_samd21.o
DAC_Handler                                       src/ASF/sam0/utils/cmsis/samd21/source/gcc/startup_samd21.o
DMAC_Handler                                      src/ASF/sam0/utils/cmsis/samd21/source/gcc/startup_samd21.o
Dummy_Handler                                     src/ASF/sam0/utils/cmsis/samd21/source/gcc/startup_samd21.o
EIC_Handler                                       src/ASF/sam0/utils/cmsis/samd21/source/gcc/startup_samd21.o
EVSYS_Handler                                     src/ASF/sam0/utils/cmsis/samd21/source/gcc/startup_samd21.o
HardFault_Handler                                 src/ASF/sam0/utils/cmsis/samd21/source/gcc/startup_samd21.o
I2S_Handler                                       src/ASF/sam0/utils/cmsis/samd21/source/gcc/startup_samd21.o
NMI_Handler                                       src/ASF/sam0/utils/cmsis/samd21/source/gcc/startup_samd21.o
NVMCTRL_Handler                                   src/ASF/sam0/utils/cmsis/samd21/source/gcc/startup_samd21.o
PM_Handler                                        src/ASF/sam0/utils/cmsis/samd21/source/gcc/startup_samd21.o
PTC_Handler                                       src/ASF/sam0/utils/cmsis/samd21/source/gcc/startup_samd21.o
PendSV_Handler                                    src/ASF/sam0/utils/cmsis/samd21/source/gcc/startup_samd21.o
RTC_Handler                                       src/ASF/sam0/utils/cmsis/samd21/source/gcc/startup_samd21.o
Reset_Handler                                     src/ASF/sam0/utils/cmsis/samd21/source/gcc/startup_samd21.o
SERCOM0_Handler                                   src/ASF/sam0/utils/cmsis/samd21/source/gcc/startup_samd21.o
SERCOM1_Handler                                   src/ASF/sam0/utils/cmsis/samd21/source/gcc/startup_samd21.o
SERCOM2_Handler                                   src/ASF/sam0/utils/cmsis/samd21/source/gcc/startup_samd21.o
SERCOM3_Handler                                   src/ASF/sam0/utils/cmsis/samd21/source/gcc/startup_samd21.o
SERCOM4_Handler                                   src/ASF/sam0/utils/cmsis/samd21/source/gcc/startup_samd21.o
SERCOM5_Handler                                   src/ASF/sam0/utils/cmsis/samd21/source/gcc/startup_samd21.o
SVC_Handler                                       src/ASF/sam0/utils/cmsis/samd21/source/gcc/startup_samd21.o
SYSCTRL_Handler                                   src/ASF/sam0/utils/cmsis/samd21/source/gcc/startup_samd21.o
SysTick_Handler                                   src/ASF/sam0/utils/cmsis/samd21/source/gcc/startup_samd21.o
SystemCoreClock                                   src/ASF/sam0/utils/cmsis/samd21/source/system_samd21.o
SystemCoreClockUpdate                             src/ASF/sam0/utils/cmsis/samd21/source/system_samd21.o
SystemInit                                        src/ASF/sam0/utils/cmsis/samd21/source/system_samd21.o
TC3_Handler                                       src/ASF/sam0/utils/cmsis/samd21/source/gcc/startup_samd21.o
TC4_Handler                                       src/ASF/sam0/utils/cmsis/samd21/source/gcc/startup_samd21.o
TC5_Handler                                       src/ASF/sam0/utils/cmsis/samd21/source/gcc/startup_samd21.o
TC6_Handler                                       src/ASF/sam0/utils/cmsis/samd21/source/gcc/startup_samd21.o
TC7_Handler                                       src/ASF/sam0/utils/cmsis/samd21/source/gcc/startup_samd21.o
TCC0_Handler                                      src/ASF/sam0/utils/cmsis/samd21/source/gcc/startup_samd21.o
TCC1_Handler                                      src/ASF/sam0/utils/cmsis/samd21/source/gcc/startup_samd21.o
TCC2_Handler                                      src/ASF/sam0/utils/cmsis/samd21/source/gcc/startup_samd21.o
USB_Handler                                       src/ASF/sam0/utils/cmsis/samd21/source/gcc/startup_samd21.o
WDT_Handler                                       src/ASF/sam0/utils/cmsis/samd21/source/gcc/startup_samd21.o
_Jv_RegisterClasses                               c:/program files (x86)/atmel/studio/7.0/toolchain/arm/arm-gnu-toolchain/bin/../lib/gcc/arm-none-eabi/6.3.1/thumb/v6-m/crtbegin.o
__aeabi_idiv0                                     c:/program files (x86)/atmel/studio/7.0/toolchain/arm/arm-gnu-toolchain/bin/../lib/gcc/arm-none-eabi/6.3.1/thumb/v6-m\libgcc.a(_dvmd_tls.o)
                                                  c:/program files (x86)/atmel/studio/7.0/toolchain/arm/arm-gnu-toolchain/bin/../lib/gcc/arm-none-eabi/6.3.1/thumb/v6-m\libgcc.a(_udivsi3.o)
__aeabi_ldiv0                                     c:/program files (x86)/atmel/studio/7.0/toolchain/arm/arm-gnu-toolchain/bin/../lib/gcc/arm-none-eabi/6.3.1/thumb/v6-m\libgcc.a(_dvmd_tls.o)
__aeabi_lmul                                      c:/program files (x86)/atmel/studio/7.0/toolchain/arm/arm-gnu-toolchain/bin/../lib/gcc/arm-none-eabi/6.3.1/thumb/v6-m\libgcc.a(_muldi3.o)
                                                  src/ASF/sam0/drivers/sercom/sercom.o
__aeabi_uidiv                                     c:/program files (x86)/atmel/studio/7.0/toolchain/arm/arm-gnu-toolchain/bin/../lib/gcc/arm-none-eabi/6.3.1/thumb/v6-m\libgcc.a(_udivsi3.o)
                                                  src/ASF/sam0/drivers/system/clock/clock_samd21_r21_da_ha1/gclk.o
                                                  src/ASF/sam0/drivers/system/clock/clock_samd21_r21_da_ha1/clock.o
                                                  src/ASF/common2/services/delay/sam0/systick_counter.o
__aeabi_uidivmod                                  c:/program files (x86)/atmel/studio/7.0/toolchain/arm/arm-gnu-toolchain/bin/../lib/gcc/arm-none-eabi/6.3.1/thumb/v6-m\libgcc.a(_udivsi3.o)
__bss_end__                                       c:/program files (x86)/atmel/studio/7.0/toolchain/arm/arm-gnu-toolchain/bin/../lib/gcc/arm-none-eabi/6.3.1/../../../../arm-none-eabi/lib/thumb/v6-m/crt0.o
__bss_start__                                     c:/program files (x86)/atmel/studio/7.0/toolchain/arm/arm-gnu-toolchain/bin/../lib/gcc/arm-none-eabi/6.3.1/../../../../arm-none-eabi/lib/thumb/v6-m/crt0.o
__call_exitprocs                                  c:/program files (x86)/atmel/studio/7.0/toolchain/arm/arm-gnu-toolchain/bin/../lib/gcc/arm-none-eabi/6.3.1/../../../../arm-none-eabi/lib/thumb/v6-m\libc_nano.a(lib_a-exit.o)
__deregister_frame_info                           c:/program files (x86)/atmel/studio/7.0/toolchain/arm/arm-gnu-toolchain/bin/../lib/gcc/arm-none-eabi/6.3.1/thumb/v6-m/crtbegin.o
__dso_handle                                      c:/program files (x86)/atmel/studio/7.0/toolchain/arm/arm-gnu-toolchain/bin/../lib/gcc/arm-none-eabi/6.3.1/thumb/v6-m/crtbegin.o
__init_array_end                                  c:/program files (x86)/atmel/studio/7.0/toolchain/arm/arm-gnu-toolchain/bin/../lib/gcc/arm-none-eabi/6.3.1/../../../../arm-none-eabi/lib/thumb/v6-m\libc_nano.a(lib_a-init.o)
__init_array_start                                c:/program files (x86)/atmel/studio/7.0/toolchain/arm/arm-gnu-toolchain/bin/../lib/gcc/arm-none-eabi/6.3.1/../../../../arm-none-eabi/lib/thumb/v6-m\libc_nano.a(lib_a-init.o)
__libc_fini_array                                 c:/program files (x86)/atmel/studio/7.0/toolchain/arm/arm-gnu-toolchain/bin/../lib/gcc/arm-none-eabi/6.3.1/../../../../arm-none-eabi/lib/thumb/v6-m/crt0.o
__libc_init_array                                 c:/program files (x86)/atmel/studio/7.0/toolchain/arm/arm-gnu-toolchain/bin/../lib/gcc/arm-none-eabi/6.3.1/../../../../arm-none-eabi/lib/thumb/v6-m\libc_nano.a(lib_a-init.o)
                                                  src/ASF/sam0/utils/cmsis/samd21/source/gcc/startup_samd21.o
                                                  c:/program files (x86)/atmel/studio/7.0/toolchain/arm/arm-gnu-toolchain/bin/../lib/gcc/arm-none-eabi/6.3.1/../../../../arm-none-eabi/lib/thumb/v6-m/crt0.o
__muldi3                                          c:/program files (x86)/atmel/studio/7.0/toolchain/arm/arm-gnu-toolchain/bin/../lib/gcc/arm-none-eabi/6.3.1/thumb/v6-m\libgcc.a(_muldi3.o)
__preinit_array_end                               c:/program files (x86)/atmel/studio/7.0/toolchain/arm/arm-gnu-toolchain/bin/../lib/gcc/arm-none-eabi/6.3.1/../../../../arm-none-eabi/lib/thumb/v6-m\libc_nano.a(lib_a-init.o)
__preinit_array_start                             c:/program files (x86)/atmel/studio/7.0/toolchain/arm/arm-gnu-toolchain/bin/../lib/gcc/arm-none-eabi/6.3.1/../../../../arm-none-eabi/lib/thumb/v6-m\libc_nano.a(lib_a-init.o)
__register_frame_info                             c:/program files (x86)/atmel/studio/7.0/toolchain/arm/arm-gnu-toolchain/bin/../lib/gcc/arm-none-eabi/6.3.1/thumb/v6-m/crtbegin.o
__sf_fake_stderr                                  c:/program files (x86)/atmel/studio/7.0/toolchain/arm/arm-gnu-toolchain/bin/../lib/gcc/arm-none-eabi/6.3.1/../../../../arm-none-eabi/lib/thumb/v6-m\libc_nano.a(lib_a-impure.o)
__sf_fake_stdin                                   c:/program files (x86)/atmel/studio/7.0/toolchain/arm/arm-gnu-toolchain/bin/../lib/gcc/arm-none-eabi/6.3.1/../../../../arm-none-eabi/lib/thumb/v6-m\libc_nano.a(lib_a-impure.o)
__sf_fake_stdout                                  c:/program files (x86)/atmel/studio/7.0/toolchain/arm/arm-gnu-toolchain/bin/../lib/gcc/arm-none-eabi/6.3.1/../../../../arm-none-eabi/lib/thumb/v6-m\libc_nano.a(lib_a-impure.o)
__stack                                           c:/program files (x86)/atmel/studio/7.0/toolchain/arm/arm-gnu-toolchain/bin/../lib/gcc/arm-none-eabi/6.3.1/../../../../arm-none-eabi/lib/thumb/v6-m/crt0.o
__udivsi3                                         c:/program files (x86)/atmel/studio/7.0/toolchain/arm/arm-gnu-toolchain/bin/../lib/gcc/arm-none-eabi/6.3.1/thumb/v6-m\libgcc.a(_udivsi3.o)
_close                                            src/ASF/sam0/utils/syscalls/gcc/syscalls.o
_end                                              src/ASF/sam0/utils/syscalls/gcc/syscalls.o
_erelocate                                        src/ASF/sam0/utils/cmsis/samd21/source/gcc/startup_samd21.o
_estack                                           src/ASF/sam0/utils/cmsis/samd21/source/gcc/startup_samd21.o
_etext                                            src/ASF/sam0/utils/cmsis/samd21/source/gcc/startup_samd21.o
_exit                                             src/ASF/sam0/utils/syscalls/gcc/syscalls.o
                                                  c:/program files (x86)/atmel/studio/7.0/toolchain/arm/arm-gnu-toolchain/bin/../lib/gcc/arm-none-eabi/6.3.1/../../../../arm-none-eabi/lib/thumb/v6-m\libc_nano.a(lib_a-exit.o)
_ezero                                            src/ASF/sam0/utils/cmsis/samd21/source/gcc/startup_samd21.o
_fini                                             c:/program files (x86)/atmel/studio/7.0/toolchain/arm/arm-gnu-toolchain/bin/../lib/gcc/arm-none-eabi/6.3.1/thumb/v6-m/crti.o
_fstat                                            src/ASF/sam0/utils/syscalls/gcc/syscalls.o
_getpid                                           src/ASF/sam0/utils/syscalls/gcc/syscalls.o
_global_impure_ptr                                c:/program files (x86)/atmel/studio/7.0/toolchain/arm/arm-gnu-toolchain/bin/../lib/gcc/arm-none-eabi/6.3.1/../../../../arm-none-eabi/lib/thumb/v6-m\libc_nano.a(lib_a-impure.o)
                                                  c:/program files (x86)/atmel/studio/7.0/toolchain/arm/arm-gnu-toolchain/bin/../lib/gcc/arm-none-eabi/6.3.1/../../../../arm-none-eabi/lib/thumb/v6-m\libc_nano.a(lib_a-exit.o)
_impure_ptr                                       c:/program files (x86)/atmel/studio/7.0/toolchain/arm/arm-gnu-toolchain/bin/../lib/gcc/arm-none-eabi/6.3.1/../../../../arm-none-eabi/lib/thumb/v6-m\libc_nano.a(lib_a-impure.o)
_init                                             c:/program files (x86)/atmel/studio/7.0/toolchain/arm/arm-gnu-toolchain/bin/../lib/gcc/arm-none-eabi/6.3.1/thumb/v6-m/crti.o
                                                  c:/program files (x86)/atmel/studio/7.0/toolchain/arm/arm-gnu-toolchain/bin/../lib/gcc/arm-none-eabi/6.3.1/../../../../arm-none-eabi/lib/thumb/v6-m\libc_nano.a(lib_a-init.o)
_isatty                                           src/ASF/sam0/utils/syscalls/gcc/syscalls.o
_kill                                             src/ASF/sam0/utils/syscalls/gcc/syscalls.o
_lseek                                            src/ASF/sam0/utils/syscalls/gcc/syscalls.o
_mainCRTStartup                                   c:/program files (x86)/atmel/studio/7.0/toolchain/arm/arm-gnu-toolchain/bin/../lib/gcc/arm-none-eabi/6.3.1/../../../../arm-none-eabi/lib/thumb/v6-m/crt0.o
_sbrk                                             src/ASF/sam0/utils/syscalls/gcc/syscalls.o
_sercom_get_async_baud_val                        src/ASF/sam0/drivers/sercom/sercom.o
                                                  src/ASF/sam0/drivers/sercom/usart/usart.o
_sercom_get_default_pad                           src/ASF/sam0/drivers/sercom/sercom.o
                                                  src/ASF/sam0/drivers/sercom/usart/usart.o
_sercom_get_sercom_inst_index                     src/ASF/sam0/drivers/sercom/sercom.o
                                                  src/ASF/sam0/drivers/sercom/usart/usart.o
_sercom_get_sync_baud_val                         src/ASF/sam0/drivers/sercom/sercom.o
                                                  src/ASF/sam0/drivers/sercom/usart/usart.o
_sfixed                                           src/ASF/sam0/utils/cmsis/samd21/source/gcc/startup_samd21.o
_srelocate                                        src/ASF/sam0/utils/cmsis/samd21/source/gcc/startup_samd21.o
_start                                            c:/program files (x86)/atmel/studio/7.0/toolchain/arm/arm-gnu-toolchain/bin/../lib/gcc/arm-none-eabi/6.3.1/../../../../arm-none-eabi/lib/thumb/v6-m/crt0.o
_system_divas_init                                src/ASF/sam0/drivers/system/system.o
_system_dummy_init                                src/ASF/sam0/drivers/system/system.o
_system_events_init                               src/ASF/sam0/drivers/system/system.o
_system_extint_init                               src/ASF/sam0/drivers/system/system.o
_szero                                            src/ASF/sam0/utils/cmsis/samd21/source/gcc/startup_samd21.o
atexit                                            c:/program files (x86)/atmel/studio/7.0/toolchain/arm/arm-gnu-toolchain/bin/../lib/gcc/arm-none-eabi/6.3.1/../../../../arm-none-eabi/lib/thumb/v6-m/crt0.o
board_init                                        src/ASF/sam0/boards/samd21_xplained_pro/board_init.o
configure_usart                                   src/main.o
cpu_irq_enter_critical                            src/ASF/common/utils/interrupt/interrupt_sam_nvic.o
                                                  src/ASF/sam0/drivers/system/clock/clock_samd21_r21_da_ha1/gclk.o
cpu_irq_leave_critical                            src/ASF/common/utils/interrupt/interrupt_sam_nvic.o
                                                  src/ASF/sam0/drivers/system/clock/clock_samd21_r21_da_ha1/gclk.o
current_ch                                        src/main.o
delay_cycles_ms                                   src/ASF/common2/services/delay/sam0/systick_counter.o
delay_cycles_us                                   src/ASF/common2/services/delay/sam0/systick_counter.o
delay_init                                        src/ASF/common2/services/delay/sam0/systick_counter.o
                                                  src/main.o
exception_table                                   src/ASF/sam0/utils/cmsis/samd21/source/gcc/startup_samd21.o
exit                                              c:/program files (x86)/atmel/studio/7.0/toolchain/arm/arm-gnu-toolchain/bin/../lib/gcc/arm-none-eabi/6.3.1/../../../../arm-none-eabi/lib/thumb/v6-m\libc_nano.a(lib_a-exit.o)
                                                  c:/program files (x86)/atmel/studio/7.0/toolchain/arm/arm-gnu-toolchain/bin/../lib/gcc/arm-none-eabi/6.3.1/../../../../arm-none-eabi/lib/thumb/v6-m/crt0.o
g_interrupt_enabled                               src/ASF/common/utils/interrupt/interrupt_sam_nvic.o
hardware_init_hook                                c:/program files (x86)/atmel/studio/7.0/toolchain/arm/arm-gnu-toolchain/bin/../lib/gcc/arm-none-eabi/6.3.1/../../../../arm-none-eabi/lib/thumb/v6-m/crt0.o
link                                              src/ASF/sam0/utils/syscalls/gcc/syscalls.o
main                                              src/main.o
                                                  src/ASF/sam0/utils/cmsis/samd21/source/gcc/startup_samd21.o
                                                  c:/program files (x86)/atmel/studio/7.0/toolchain/arm/arm-gnu-toolchain/bin/../lib/gcc/arm-none-eabi/6.3.1/../../../../arm-none-eabi/lib/thumb/v6-m/crt0.o
memset                                            c:/program files (x86)/atmel/studio/7.0/toolchain/arm/arm-gnu-toolchain/bin/../lib/gcc/arm-none-eabi/6.3.1/../../../../arm-none-eabi/lib/thumb/v6-m\libc_nano.a(lib_a-memset.o)
                                                  c:/program files (x86)/atmel/studio/7.0/toolchain/arm/arm-gnu-toolchain/bin/../lib/gcc/arm-none-eabi/6.3.1/../../../../arm-none-eabi/lib/thumb/v6-m/crt0.o
port_group_set_config                             src/ASF/sam0/drivers/port/port.o
port_pin_set_config                               src/ASF/sam0/drivers/port/port.o
                                                  src/ASF/sam0/boards/samd21_xplained_pro/board_init.o
sercom_set_gclk_generator                         src/ASF/sam0/drivers/sercom/sercom.o
                                                  src/ASF/sam0/drivers/sercom/usart/usart.o
software_init_hook                                c:/program files (x86)/atmel/studio/7.0/toolchain/arm/arm-gnu-toolchain/bin/../lib/gcc/arm-none-eabi/6.3.1/../../../../arm-none-eabi/lib/thumb/v6-m/crt0.o
state                                             src/main.o
system_board_init                                 src/ASF/sam0/boards/samd21_xplained_pro/board_init.o
system_clock_init                                 src/ASF/sam0/drivers/system/clock/clock_samd21_r21_da_ha1/clock.o
system_clock_source_dfll_set_config               src/ASF/sam0/drivers/system/clock/clock_samd21_r21_da_ha1/clock.o
system_clock_source_disable                       src/ASF/sam0/drivers/system/clock/clock_samd21_r21_da_ha1/clock.o
system_clock_source_dpll_set_config               src/ASF/sam0/drivers/system/clock/clock_samd21_r21_da_ha1/clock.o
system_clock_source_enable                        src/ASF/sam0/drivers/system/clock/clock_samd21_r21_da_ha1/clock.o
system_clock_source_get_hz                        src/ASF/sam0/drivers/system/clock/clock_samd21_r21_da_ha1/clock.o
                                                  src/ASF/sam0/drivers/system/clock/clock_samd21_r21_da_ha1/gclk.o
system_clock_source_is_ready                      src/ASF/sam0/drivers/system/clock/clock_samd21_r21_da_ha1/clock.o
system_clock_source_osc32k_set_config             src/ASF/sam0/drivers/system/clock/clock_samd21_r21_da_ha1/clock.o
system_clock_source_osc8m_set_config              src/ASF/sam0/drivers/system/clock/clock_samd21_r21_da_ha1/clock.o
system_clock_source_write_calibration             src/ASF/sam0/drivers/system/clock/clock_samd21_r21_da_ha1/clock.o
system_clock_source_xosc32k_set_config            src/ASF/sam0/drivers/system/clock/clock_samd21_r21_da_ha1/clock.o
system_clock_source_xosc_set_config               src/ASF/sam0/drivers/system/clock/clock_samd21_r21_da_ha1/clock.o
system_gclk_chan_disable                          src/ASF/sam0/drivers/system/clock/clock_samd21_r21_da_ha1/gclk.o
system_gclk_chan_enable                           src/ASF/sam0/drivers/system/clock/clock_samd21_r21_da_ha1/gclk.o
                                                  src/ASF/sam0/drivers/sercom/usart/usart.o
                                                  src/ASF/sam0/drivers/sercom/sercom.o
system_gclk_chan_get_hz                           src/ASF/sam0/drivers/system/clock/clock_samd21_r21_da_ha1/gclk.o
                                                  src/ASF/sam0/drivers/system/clock/clock_samd21_r21_da_ha1/clock.o
                                                  src/ASF/sam0/drivers/sercom/usart/usart.o
system_gclk_chan_is_enabled                       src/ASF/sam0/drivers/system/clock/clock_samd21_r21_da_ha1/gclk.o
system_gclk_chan_is_locked                        src/ASF/sam0/drivers/system/clock/clock_samd21_r21_da_ha1/gclk.o
system_gclk_chan_lock                             src/ASF/sam0/drivers/system/clock/clock_samd21_r21_da_ha1/gclk.o
system_gclk_chan_set_config                       src/ASF/sam0/drivers/system/clock/clock_samd21_r21_da_ha1/gclk.o
                                                  src/ASF/sam0/drivers/system/clock/clock_samd21_r21_da_ha1/clock.o
                                                  src/ASF/sam0/drivers/sercom/usart/usart.o
                                                  src/ASF/sam0/drivers/sercom/sercom.o
system_gclk_gen_disable                           src/ASF/sam0/drivers/system/clock/clock_samd21_r21_da_ha1/gclk.o
system_gclk_gen_enable                            src/ASF/sam0/drivers/system/clock/clock_samd21_r21_da_ha1/gclk.o
                                                  src/ASF/sam0/drivers/system/clock/clock_samd21_r21_da_ha1/clock.o
system_gclk_gen_get_hz                            src/ASF/sam0/drivers/system/clock/clock_samd21_r21_da_ha1/gclk.o
                                                  src/ASF/common2/services/delay/sam0/systick_counter.o
system_gclk_gen_is_enabled                        src/ASF/sam0/drivers/system/clock/clock_samd21_r21_da_ha1/gclk.o
system_gclk_gen_set_config                        src/ASF/sam0/drivers/system/clock/clock_samd21_r21_da_ha1/gclk.o
                                                  src/ASF/sam0/drivers/system/clock/clock_samd21_r21_da_ha1/clock.o
system_gclk_init                                  src/ASF/sam0/drivers/system/clock/clock_samd21_r21_da_ha1/gclk.o
                                                  src/ASF/sam0/drivers/system/clock/clock_samd21_r21_da_ha1/clock.o
system_init                                       src/ASF/sam0/drivers/system/system.o
                                                  src/main.o
system_interrupt_clear_pending                    src/ASF/sam0/drivers/system/interrupt/system_interrupt.o
system_interrupt_get_priority                     src/ASF/sam0/drivers/system/interrupt/system_interrupt.o
system_interrupt_is_pending                       src/ASF/sam0/drivers/system/interrupt/system_interrupt.o
system_interrupt_set_pending                      src/ASF/sam0/drivers/system/interrupt/system_interrupt.o
system_interrupt_set_priority                     src/ASF/sam0/drivers/system/interrupt/system_interrupt.o
system_pinmux_group_set_config                    src/ASF/sam0/drivers/system/pinmux/pinmux.o
                                                  src/ASF/sam0/drivers/port/port.o
system_pinmux_group_set_input_sample_mode         src/ASF/sam0/drivers/system/pinmux/pinmux.o
system_pinmux_group_set_output_strength           src/ASF/sam0/drivers/system/pinmux/pinmux.o
system_pinmux_pin_set_config                      src/ASF/sam0/drivers/system/pinmux/pinmux.o
                                                  src/ASF/sam0/drivers/sercom/usart/usart.o
                                                  src/ASF/sam0/drivers/port/port.o
usart_init                                        src/ASF/sam0/drivers/sercom/usart/usart.o
                                                  src/main.o
usart_instance                                    src/main.o
usart_instance1                                   src/main.o
usart_instance2                                   src/main.o
usart_instance3                                   src/main.o
usart_instance4                                   src/main.o
usart_instance5                                   src/main.o
usart_read_buffer_wait                            src/ASF/sam0/drivers/sercom/usart/usart.o
usart_read_wait                                   src/ASF/sam0/drivers/sercom/usart/usart.o
                                                  src/main.o
usart_write_buffer_wait                           src/ASF/sam0/drivers/sercom/usart/usart.o
                                                  src/main.o
usart_write_wait                                  src/ASF/sam0/drivers/sercom/usart/usart.o
                                                  src/main.o
